Microchip MPLAB XC8 Compiler V2.50

Linker command line:

-W-3 \
  --edf=C:\Program Files\Microchip\xc8\v2.50\pic\dat\20240725155939_en.msgs \
  -cn -h+dist/default/production\Lab6.X.production.sym \
  --cmf=dist/default/production\Lab6.X.production.cmf -z -Q18F4550 \
  -oC:\Users\sergi\AppData\Local\Temp\xcAs4d8.\driver_tmp_3.obj \
  -Mdist/default/production/Lab6.X.production.map \
  --md=C:\Users\sergi\AppData\Local\Temp\xcAs4d8.\driver_tmp_0.dat -E1 \
  -ver=XC8 Compiler -ACODE=00h-07FFFh -ACONST=00h-07FFFh \
  -ASMALLCONST=0800h-08FFhx120 -AMEDIUMCONST=0800h-07FFFh -ACOMRAM=01h-05Fh \
  -AABS1=00h-07FFh -ABIGRAM=01h-07FFh -ARAM=060h-0FFh,0100h-01FFhx7 \
  -ABANK0=060h-0FFh -ABANK1=0100h-01FFh -ABANK2=0200h-02FFh \
  -ABANK3=0300h-03FFh -ABANK4=0400h-04FFh -ABANK5=0500h-05FFh \
  -ABANK6=0600h-06FFh -ABANK7=0700h-07FFh -ASFR=0F60h-0FFFh \
  -ABIGSFR=0F60h-0FFFh -ACONFIG=0300000h-030000Dh -AIDLOC=0200000h-0200007h \
  -AEEDATA=0F00000h-0F000FFh -peeprom_data=EEDATA \
  -preset_vec=00h,intcode=8h,intcodelo,powerup,init -pramtop=0800h \
  -psmallconst=SMALLCONST -pmediumconst=MEDIUMCONST -pconst=CONST \
  -AFARRAM=00h-00h \
  -prdata=COMRAM,nvrram=COMRAM,nvbit=COMRAM,rbss=COMRAM,rbit=COMRAM \
  -pfarbss=FARRAM,fardata=FARRAM,nvFARRAM=FARRAM \
  -pintsave_regs=BIGRAM,bigbss=BIGRAM,bigdata=BIGRAM -pbss=RAM \
  -pidata=CODE,irdata=CODE,ibigdata=CODE,ifardata=CODE -prparam=COMRAM \
  C:\Users\sergi\AppData\Local\Temp\xcAs4d8.\driver_tmp_15.obj \
  dist/default/production\Lab6.X.production.obj 

Object code version is 3.11

Machine type is 18F4550



                Name                               Link     Load   Length Selector   Space Scale
C:\Users\sergi\AppData\Local\Temp\xcAs4d8.\driver_tmp_15.obj
                idloc                            200000   200000        8        0       5
                config                           300000   300000        E        0       4
                init                                  E        E        4        4       0
                reset_vec                             0        0        4        0       0
dist/default/production\Lab6.X.production.obj
                intcode                               8        8        6        4       0
                idloc                            200000   200000        8        0       5
                config                           300000   300000        E        0       4
                temp                                 52       52        1        1       1
                mediumconst                        7E6C     7E6C      194     3F36       0
                text59                             18A8     18A8        E        4       0
                text58                             12F8     12F8       56        4       0
                text57                             14D4     14D4       46        4       0
                text56                             17EE     17EE       16        4       0
                text55                             1840     1840       14        4       0
                text54                             17D8     17D8       16        4       0
                text53                             18FC     18FC        8      C6A       0
                text52                             1640     1640       32        4       0
                text51                             18F4     18F4        8      C6A       0
                text50                             1672     1672       2E        4       0
                text49                             15D2     15D2       38        4       0
                text48                             16F2     16F2       28        4       0
                text47                              D54      D54       E6        4       0
                text46                             18EC     18EC        8      C6A       0
                text45                             11F2     11F2       5A        4       0
                text44                             175C     175C       1C        4       0
                text43                             1904     1904        6      C6A       0
                text42                             12A2     12A2       56        4       0
                text41                             1878     1878       12        4       0
                text40                             182C     182C       14        4       0
                text39                              F7E      F7E       82        4       0
                text38                             124C     124C       56        4       0
                text37                             1076     1076       64        4       0
                text36                             151A     151A       42        4       0
                text35                             18B6     18B6        C        4       0
                text34                             13A0     13A0       52        4       0
                text33                              A60      A60      11A        4       0
                text32                             171A     171A       26        4       0
                text31                             17C2     17C2       16        4       0
                text30                             148A     148A       4A        4       0
                intcode_body                        56A      56A      4F6        4       0
                text28                             1740     1740       1C        4       0
                text27                             189A     189A        E        4       0
                text26                             113A     113A       5E        4       0
                text25                             143E     143E       4C        4       0
                text24                             1792     1792       1A        4       0
                text23                             10DA     10DA       60        4       0
                text22                             1818     1818       14        4       0
                text21                             1804     1804       14        4       0
                text20                              EE2      EE2       9C        4       0
                text19                             1778     1778       1A        4       0
                text18                             13F2     13F2       4C        4       0
                text17                             18E4     18E4        8      C6A       0
                text16                             160A     160A       36        4       0
                text15                             18DC     18DC        8      C6A       0
                text14                              E3A      E3A       A8        4       0
                text13                             155C     155C       3C        4       0
                text12                             1598     1598       3A        4       0
                text11                             16A0     16A0       2A        4       0
                text10                              B7A      B7A       EE        4       0
                text9                              16CA     16CA       28        4       0
                text8                              17AC     17AC       16        4       0
                text7                              188A     188A       10        4       0
                text6                              1866     1866       12        4       0
                text5                              1854     1854       12        4       0
                text4                              134E     134E       52        4       0
                text3                              1000     1000       76        4       0
                text2                              18D4     18D4        8      C6A       0
                text1                               C68      C68       EC        4       0
                text0                                12       12      558        4       0
                cstackCOMRAM                          1        1       28        1       1
                cstackBANK0                          60       60       13       60       1
                dataBANK0                            73       73        8       60       1
                dataCOMRAM                           48       48        9        1       1
                bssCOMRAM                            29       29       1F        1       1
                cinit                              1198     1198       5A        4       0
                nvCOMRAM                             51       51        1        1       1
                idataBANK0                         18CB     18CB        8        4       0
                idataCOMRAM                        18C2     18C2        9        4       0

TOTAL           Name                               Link     Load   Length     Space
        CLASS   CODE           
                intcode                               8        8        6         0
                init                                  E        E        4         0
                reset_vec                             0        0        4         0
                text59                             18A8     18A8        E         0
                text58                             12F8     12F8       56         0
                text57                             14D4     14D4       46         0
                text56                             17EE     17EE       16         0
                text55                             1840     1840       14         0
                text54                             17D8     17D8       16         0
                text53                             18FC     18FC        8         0
                text52                             1640     1640       32         0
                text51                             18F4     18F4        8         0
                text50                             1672     1672       2E         0
                text49                             15D2     15D2       38         0
                text48                             16F2     16F2       28         0
                text47                              D54      D54       E6         0
                text46                             18EC     18EC        8         0
                text45                             11F2     11F2       5A         0
                text44                             175C     175C       1C         0
                text43                             1904     1904        6         0
                text42                             12A2     12A2       56         0
                text41                             1878     1878       12         0
                text40                             182C     182C       14         0
                text39                              F7E      F7E       82         0
                text38                             124C     124C       56         0
                text37                             1076     1076       64         0
                text36                             151A     151A       42         0
                text35                             18B6     18B6        C         0
                text34                             13A0     13A0       52         0
                text33                              A60      A60      11A         0
                text32                             171A     171A       26         0
                text31                             17C2     17C2       16         0
                text30                             148A     148A       4A         0
                intcode_body                        56A      56A      4F6         0
                text28                             1740     1740       1C         0
                text27                             189A     189A        E         0
                text26                             113A     113A       5E         0
                text25                             143E     143E       4C         0
                text24                             1792     1792       1A         0
                text23                             10DA     10DA       60         0
                text22                             1818     1818       14         0
                text21                             1804     1804       14         0
                text20                              EE2      EE2       9C         0
                text19                             1778     1778       1A         0
                text18                             13F2     13F2       4C         0
                text17                             18E4     18E4        8         0
                text16                             160A     160A       36         0
                text15                             18DC     18DC        8         0
                text14                              E3A      E3A       A8         0
                text13                             155C     155C       3C         0
                text12                             1598     1598       3A         0
                text11                             16A0     16A0       2A         0
                text10                              B7A      B7A       EE         0
                text9                              16CA     16CA       28         0
                text8                              17AC     17AC       16         0
                text7                              188A     188A       10         0
                text6                              1866     1866       12         0
                text5                              1854     1854       12         0
                text4                              134E     134E       52         0
                text3                              1000     1000       76         0
                text2                              18D4     18D4        8         0
                text1                               C68      C68       EC         0
                text0                                12       12      558         0
                cinit                              1198     1198       5A         0
                idataBANK0                         18CB     18CB        8         0
                idataCOMRAM                        18C2     18C2        9         0

        CLASS   CONST          

        CLASS   SMALLCONST     

        CLASS   MEDIUMCONST    
                mediumconst                        7E6C     7E6C      194         0

        CLASS   COMRAM         
                temp                                 52       52        1         1
                cstackCOMRAM                          1        1       28         1
                dataCOMRAM                           48       48        9         1
                bssCOMRAM                            29       29       1F         1
                nvCOMRAM                             51       51        1         1

        CLASS   ABS1           

        CLASS   BIGRAM         

        CLASS   RAM            

        CLASS   BANK0          
                cstackBANK0                          60       60       13         1
                dataBANK0                            73       73        8         1

        CLASS   BANK1          

        CLASS   BANK2          

        CLASS   BANK3          

        CLASS   BANK4          

        CLASS   BANK5          

        CLASS   BANK6          

        CLASS   BANK7          

        CLASS   SFR            

        CLASS   BIGSFR         

        CLASS   CONFIG         
                config                           300000   300000        E         4

        CLASS   IDLOC          
                idloc                            200000   200000        8         5

        CLASS   EEDATA         

        CLASS   FARRAM         

        CLASS   HEAP           

        CLASS   STACK          



SEGMENTS        Name                           Load    Length   Top    Selector   Space  Class

                reset_vec                      000000  000004  000004         0       0  CODE    
                cstackCOMRAM                   000001  000052  000053         1       1  COMRAM  
                intcode                        000008  0018CB  0018D3         4       0  CODE    
                cstackBANK0                    000060  00001B  00007B        60       1  BANK0   
                text2                          0018D4  000036  00190A       C6A       0  CODE    
                mediumconst                    007E6C  000194  008000      3F36       0  MEDIUMCO


UNUSED ADDRESS RANGES

        Name                Unused          Largest block    Delta
        BANK0            00007B-0000FF               85
        BANK1            000100-0001FF              100
        BANK2            000200-0002FF              100
        BANK3            000300-0003FF              100
        BANK4            000400-0004FF              100
        BANK5            000500-0005FF              100
        BANK6            000600-0006FF              100
        BANK7            000700-0007FF              100
        BIGRAM           000053-00005F                D
                         00007B-0007FF              785
        BIGSFR           000F60-000FFF               A0
        CODE             000004-000007                4
                         0018D3-0018D3                1
                         00190A-007E6B             6562
        COMRAM           000053-00005F                D
        CONST            000004-000007                4
                         0018D3-0018D3                1
                         00190A-007E6B             6562
        EEDATA           F00000-F000FF              100
        MEDIUMCONST      0018D3-0018D3                1
                         00190A-007E6B             6562
        RAM              00007B-0007FF              100
        SFR              000F60-000FFF               A0
        SMALLCONST       0018D3-0018D3                1
                         00190A-007E6B              100

                                  Symbol Table

?_Conversion                cstackCOMRAM 000001
?_LeerContador              cstackBANK0  000061
?_LeerObjetivo              cstackBANK0  000061
?___lldiv                   cstackCOMRAM 00000D
?___lmul                    cstackCOMRAM 000001
?___lwdiv                   cstackBANK0  000060
?___lwmod                   cstackCOMRAM 000008
?_printf                    cstackCOMRAM 00000D
?i2___lwdiv                 cstackCOMRAM 000001
Bienvenida@i                cstackBANK0  00006D
ComandoLCD@a                cstackBANK0  000065
ConfiguraLCD@a              cstackBANK0  000060
Conversion@canal            cstackCOMRAM 000003
CrearCaracter@arreglo       cstackBANK0  000065
CrearCaracter@i             cstackBANK0  000067
CrearCaracter@posicionCGRAM cstackBANK0  000066
DireccionaLCD@a             cstackBANK0  000064
EEPROM_Read@address         cstackBANK0  000060
EEPROM_Write@address        cstackBANK0  000061
EEPROM_Write@data           cstackBANK0  000060
EnviaDato@a                 cstackBANK0  000063
EscribeLCD_c@a              cstackBANK0  000064
EscribeLCD_n8@a             cstackBANK0  00006C
EscribeLCD_n8@b             cstackBANK0  000068
EscribeLCD_n8@centena       cstackBANK0  000069
EscribeLCD_n8@decena        cstackBANK0  00006A
EscribeLCD_n8@unidad        cstackBANK0  00006B
GuardarContador@objetivo    cstackBANK0  000064
GuardarContador@valor       cstackBANK0  000062
MedirDistancia@aux          cstackBANK0  000067
MensajeLCD_Var@a            cstackBANK0  000065
MensajeLCD_Var@i            cstackBANK0  000069
PWM_Set10bit@duty10         cstackCOMRAM 000001
PWM_SetPercent@perc         cstackCOMRAM 00001C
PWM_SetPercent@val_reg      cstackCOMRAM 00001A
RetardoLCD@a                cstackBANK0  000061
_ADCON0                     (abs)        000FC2
_ADCON1                     (abs)        000FC1
_ADCON2                     (abs)        000FC0
_ADON                       (abs)        007E10
_ADRES                      (abs)        000FC3
_BAUDCON                    (abs)        000FB8
_Bienvenida                 text14       000E3A
_BorraLCD                   text21       001804
_Borrar                     text50       001672
_CCP1CON                    (abs)        000FBD
_CCP1CONbits                (abs)        000FBD
_CCP2CON                    (abs)        000FBA
_CCP2IF                     (abs)        007D08
_CCPR1L                     (abs)        000FBE
_CCPR2                      (abs)        000FBB
_CFGS                       (abs)        007D36
_ComandoLCD                 text16       00160A
_ConfigPregunta             text45       0011F2
_ConfigVariables            text13       00155C
_ConfiguraLCD               text28       001740
_Conversion                 text44       00175C
_CrearCaracter              text23       0010DA
_CursorAInicio              text17       0018E4
_DesplazaPantallaD          text22       001818
_DireccionaLCD              text24       001792
_EEADR                      (abs)        000FA9
_EECON2                     (abs)        000FA7
_EEDATA                     (abs)        000FA8
_EEPGD                      (abs)        007D37
_EEPROM_Read                text7        00188A
_EEPROM_Write               text9        0016CA
_EnviaDato                  text25       00143E
_EscribeLCD_c               text19       001778
_EscribeLCD_n8              text10       000B7A
_Estrella                   dataCOMRAM   000049
_GIE                        (abs)        007F97
_GO_DONE                    (abs)        007E11
_GuardarContador            text8        0017AC
_HabilitaLCD                text27       00189A
_ISR                        intcode      000008
_Inactividad                bssCOMRAM    000043
_InicializaLCD              text20       000EE2
_LATA1                      (abs)        007C49
_LATA2                      (abs)        007C4A
_LATA3                      (abs)        007C4B
_LATA4                      (abs)        007C4C
_LATA5                      (abs)        007C4D
_LATA6                      (abs)        007C4E
_LATB                       (abs)        000F8A
_LATC0                      (abs)        007C58
_LATD                       (abs)        000F8C
_LATE                       (abs)        000F8D
_LeerContador               text6        001866
_LeerObjetivo               text5        001854
_MedirDistancia             text3        001000
_MensajeLCD_Var             text18       0013F2
_MostrarCursor              text2        0018D4
_Motor_Avance               text43       001904
_Motor_Paro                 text41       001878
_Motor_Reversa              text40       00182C
_OSCCON                     (abs)        000FD3
_Objetivo                   bssCOMRAM    000033
_OcultarCursor              text15       0018DC
_PEIE                       (abs)        007F96
_POR                        (abs)        007E81
_PORTB                      (abs)        000F81
_PR2                        (abs)        000FCB
_PWM_Set10bit               text42       0012A2
_PWM_SetPercent             text37       001076
_PreguntaAlUsuario          text1        000C68
_Pulsado                    nvCOMRAM     000051
_RB4                        (abs)        007C0C
_RB5                        (abs)        007C0D
_RB6                        (abs)        007C0E
_RB7                        (abs)        007C0F
_RBIE                       (abs)        007F93
_RBIF                       (abs)        007F90
_RBPU                       (abs)        007F8F
_RC0                        (abs)        007C10
_RC1                        (abs)        007C11
_RCIE                       (abs)        007CED
_RCIF                       (abs)        007CF5
_RCREG                      (abs)        000FAE
_RCSTA                      (abs)        000FAB
_RCSTAbits                  (abs)        000FAB
_RD                         (abs)        007D30
_RayaAlPiso                 dataBANK0    000073
_RetardoLCD                 text26       00113A
_SPBRG                      (abs)        000FAF
_SPBRGH                     (abs)        000FB0
_Supercontador              bssCOMRAM    000039
_T0CON                      (abs)        000FD5
_T1CON                      (abs)        000FCD
_T2CON                      (abs)        000FCA
_T2CONbits                  (abs)        000FCA
_TMR0                       (abs)        000FD6
_TMR0IE                     (abs)        007F95
_TMR0IF                     (abs)        007F92
_TMR0ON                     (abs)        007EAF
_TMR1                       (abs)        000FCE
_TMR1IF                     (abs)        007CF0
_TMR1ON                     (abs)        007E68
_TMR2                       (abs)        000FCC
_TRISA1                     (abs)        007C91
_TRISA2                     (abs)        007C92
_TRISA3                     (abs)        007C93
_TRISA4                     (abs)        007C94
_TRISA5                     (abs)        007C95
_TRISA6                     (abs)        007C96
_TRISB                      (abs)        000F93
_TRISC0                     (abs)        007CA0
_TRISC1                     (abs)        007CA1
_TRISC2                     (abs)        007CA2
_TRISC6                     (abs)        007CA6
_TRISC7                     (abs)        007CA7
_TRISD                      (abs)        000F95
_TRISE                      (abs)        000F96
_TRMT                       (abs)        007D61
_TXREG                      (abs)        000FAD
_TXSTA                      (abs)        000FAC
_Tecla                      bssCOMRAM    000044
_WR                         (abs)        007D31
_WREN                       (abs)        007D32
__HRAM                      (abs)        000000
__H__absolute__             __absolute__ 000000
__Habs1                     abs1         000000
__Hbank0                    bank0        000000
__Hbank1                    bank1        000000
__Hbank2                    bank2        000000
__Hbank3                    bank3        000000
__Hbank4                    bank4        000000
__Hbank5                    bank5        000000
__Hbank6                    bank6        000000
__Hbank7                    bank7        000000
__Hbigbss                   bigbss       000000
__Hbigdata                  bigdata      000000
__Hbigram                   bigram       000000
__Hbigsfr                   bigsfr       000000
__Hbss                      bss          000000
__HbssCOMRAM                bssCOMRAM    000000
__Hcinit                    cinit        000000
__Hclrtext                  clrtext      000000
__Hcomram                   comram       000000
__Hconfig                   config       30000E
__Hconst                    const        000000
__HcstackBANK0              cstackBANK0  000000
__HcstackCOMRAM             cstackCOMRAM 000000
__Hdata                     data         000000
__HdataBANK0                dataBANK0    000000
__HdataCOMRAM               dataCOMRAM   000000
__Heeprom_data              eeprom_data  000000
__Hfarbss                   farbss       000000
__Hfardata                  fardata      000000
__Hheap                     heap         000000
__Hibigdata                 ibigdata     000000
__Hidata                    idata        000000
__HidataBANK0               idataBANK0   000000
__HidataCOMRAM              idataCOMRAM  000000
__Hidloc                    idloc        200008
__Hifardata                 ifardata     000000
__Hinit                     init         000012
__Hintcode                  intcode      00000E
__Hintcode_body             intcode_body 000000
__Hintcodelo                intcodelo    00000E
__Hintentry                 intentry     000000
__Hintret                   intret       000000
__Hintsave_regs             intsave_regs 000000
__Hirdata                   irdata       000000
__Hmediumconst              mediumconst  008000
__HnvCOMRAM                 nvCOMRAM     000000
__HnvFARRAM                 nvFARRAM     000000
__Hnvbit                    nvbit        000000
__Hnvrram                   nvrram       000000
__Hparam                    rparam       000000
__Hpowerup                  powerup      00000E
__Hram                      ram          000000
__Hramtop                   ramtop       000800
__Hrbit                     rbit         000000
__Hrbss                     rbss         000000
__Hrdata                    rdata        000000
__Hreset_vec                reset_vec    000004
__Hrparam                   rparam       000000
__Hsfr                      sfr          000000
__Hsivt_hi                  sivt_hi      000000
__Hsivt_lo                  sivt_lo      000000
__Hsmallconst               smallconst   000000
__Hspace_0                  (abs)        008000
__Hspace_1                  (abs)        00007B
__Hspace_2                  (abs)        000000
__Hspace_4                  (abs)        60000E
__Hstack                    stack        000000
__Hstruct                   struct       000000
__Htemp                     temp         000053
__Htext                     text         000000
__Htext0                    text0        000000
__Htext1                    text1        000000
__Htext10                   text10       000000
__Htext11                   text11       000000
__Htext12                   text12       000000
__Htext13                   text13       000000
__Htext14                   text14       000000
__Htext15                   text15       000000
__Htext16                   text16       000000
__Htext17                   text17       000000
__Htext18                   text18       000000
__Htext19                   text19       000000
__Htext2                    text2        000000
__Htext20                   text20       000000
__Htext21                   text21       000000
__Htext22                   text22       000000
__Htext23                   text23       000000
__Htext24                   text24       000000
__Htext25                   text25       000000
__Htext26                   text26       000000
__Htext27                   text27       000000
__Htext28                   text28       000000
__Htext3                    text3        000000
__Htext30                   text30       000000
__Htext31                   text31       000000
__Htext32                   text32       000000
__Htext33                   text33       000000
__Htext34                   text34       000000
__Htext35                   text35       000000
__Htext36                   text36       000000
__Htext37                   text37       000000
__Htext38                   text38       000000
__Htext39                   text39       000000
__Htext4                    text4        000000
__Htext40                   text40       000000
__Htext41                   text41       000000
__Htext42                   text42       000000
__Htext43                   text43       000000
__Htext44                   text44       000000
__Htext45                   text45       000000
__Htext46                   text46       000000
__Htext47                   text47       000000
__Htext48                   text48       000000
__Htext49                   text49       000000
__Htext5                    text5        000000
__Htext50                   text50       000000
__Htext51                   text51       000000
__Htext52                   text52       000000
__Htext53                   text53       000000
__Htext54                   text54       000000
__Htext55                   text55       000000
__Htext56                   text56       000000
__Htext57                   text57       000000
__Htext58                   text58       000000
__Htext59                   text59       000000
__Htext6                    text6        000000
__Htext7                    text7        000000
__Htext8                    text8        000000
__Htext9                    text9        000000
__LRAM                      (abs)        000001
__L__absolute__             __absolute__ 000000
__Labs1                     abs1         000000
__Lbank0                    bank0        000000
__Lbank1                    bank1        000000
__Lbank2                    bank2        000000
__Lbank3                    bank3        000000
__Lbank4                    bank4        000000
__Lbank5                    bank5        000000
__Lbank6                    bank6        000000
__Lbank7                    bank7        000000
__Lbigbss                   bigbss       000000
__Lbigdata                  bigdata      000000
__Lbigram                   bigram       000000
__Lbigsfr                   bigsfr       000000
__Lbss                      bss          000000
__LbssCOMRAM                bssCOMRAM    000000
__Lcinit                    cinit        000000
__Lclrtext                  clrtext      000000
__Lcomram                   comram       000000
__Lconfig                   config       000000
__Lconst                    const        000000
__LcstackBANK0              cstackBANK0  000000
__LcstackCOMRAM             cstackCOMRAM 000000
__Ldata                     data         000000
__LdataBANK0                dataBANK0    000000
__LdataCOMRAM               dataCOMRAM   000000
__Leeprom_data              eeprom_data  000000
__Lfarbss                   farbss       000000
__Lfardata                  fardata      000000
__Lheap                     heap         000000
__Libigdata                 ibigdata     000000
__Lidata                    idata        000000
__LidataBANK0               idataBANK0   000000
__LidataCOMRAM              idataCOMRAM  000000
__Lidloc                    idloc        000000
__Lifardata                 ifardata     000000
__Linit                     init         00000E
__Lintcode                  intcode      000008
__Lintcode_body             intcode_body 000000
__Lintcodelo                intcodelo    00000E
__Lintentry                 intentry     000000
__Lintret                   intret       000000
__Lintsave_regs             intsave_regs 000000
__Lirdata                   irdata       000000
__Lmediumconst              mediumconst  007E6C
__LnvCOMRAM                 nvCOMRAM     000000
__LnvFARRAM                 nvFARRAM     000000
__Lnvbit                    nvbit        000000
__Lnvrram                   nvrram       000000
__Lparam                    rparam       000000
__Lpowerup                  powerup      00000E
__Lram                      ram          000000
__Lramtop                   ramtop       000800
__Lrbit                     rbit         000000
__Lrbss                     rbss         000000
__Lrdata                    rdata        000000
__Lreset_vec                reset_vec    000000
__Lrparam                   rparam       000000
__Lsfr                      sfr          000000
__Lsivt_hi                  sivt_hi      000000
__Lsivt_lo                  sivt_lo      000000
__Lsmallconst               smallconst   000000
__Lspace_0                  (abs)        000000
__Lspace_1                  (abs)        000000
__Lspace_2                  (abs)        000000
__Lspace_4                  (abs)        000000
__Lstack                    stack        000000
__Lstruct                   struct       000000
__Ltemp                     temp         000052
__Ltext                     text         000000
__Ltext0                    text0        000000
__Ltext1                    text1        000000
__Ltext10                   text10       000000
__Ltext11                   text11       000000
__Ltext12                   text12       000000
__Ltext13                   text13       000000
__Ltext14                   text14       000000
__Ltext15                   text15       000000
__Ltext16                   text16       000000
__Ltext17                   text17       000000
__Ltext18                   text18       000000
__Ltext19                   text19       000000
__Ltext2                    text2        000000
__Ltext20                   text20       000000
__Ltext21                   text21       000000
__Ltext22                   text22       000000
__Ltext23                   text23       000000
__Ltext24                   text24       000000
__Ltext25                   text25       000000
__Ltext26                   text26       000000
__Ltext27                   text27       000000
__Ltext28                   text28       000000
__Ltext3                    text3        000000
__Ltext30                   text30       000000
__Ltext31                   text31       000000
__Ltext32                   text32       000000
__Ltext33                   text33       000000
__Ltext34                   text34       000000
__Ltext35                   text35       000000
__Ltext36                   text36       000000
__Ltext37                   text37       000000
__Ltext38                   text38       000000
__Ltext39                   text39       000000
__Ltext4                    text4        000000
__Ltext40                   text40       000000
__Ltext41                   text41       000000
__Ltext42                   text42       000000
__Ltext43                   text43       000000
__Ltext44                   text44       000000
__Ltext45                   text45       000000
__Ltext46                   text46       000000
__Ltext47                   text47       000000
__Ltext48                   text48       000000
__Ltext49                   text49       000000
__Ltext5                    text5        000000
__Ltext50                   text50       000000
__Ltext51                   text51       000000
__Ltext52                   text52       000000
__Ltext53                   text53       000000
__Ltext54                   text54       000000
__Ltext55                   text55       000000
__Ltext56                   text56       000000
__Ltext57                   text57       000000
__Ltext58                   text58       000000
__Ltext59                   text59       000000
__Ltext6                    text6        000000
__Ltext7                    text7        000000
__Ltext8                    text8        000000
__Ltext9                    text9        000000
__S0                        (abs)        008000
__S1                        (abs)        00007B
__S4                        (abs)        000000
__S5                        (abs)        000000
___heap_hi                  (abs)        000000
___heap_lo                  (abs)        000000
___inthi_sp                 stack        000000
___inthi_stack_hi           stack        000000
___inthi_stack_lo           stack        000000
___intlo_sp                 stack        000000
___intlo_stack_hi           stack        000000
___intlo_stack_lo           stack        000000
___lbdiv                    text12       001598
___lbdiv@counter            cstackBANK0  000066
___lbdiv@dividend           cstackBANK0  000065
___lbdiv@divisor            cstackBANK0  000064
___lbdiv@quotient           cstackBANK0  000067
___lbmod                    text11       0016A0
___lbmod@counter            cstackBANK0  000062
___lbmod@dividend           cstackBANK0  000061
___lbmod@divisor            cstackBANK0  000060
___lbmod@rem                cstackBANK0  000063
___lldiv                    text39       000F7E
___lldiv@counter            cstackCOMRAM 000019
___lldiv@dividend           cstackCOMRAM 00000D
___lldiv@divisor            cstackCOMRAM 000011
___lldiv@quotient           cstackCOMRAM 000015
___lmul                     text38       00124C
___lmul@multiplicand        cstackCOMRAM 000005
___lmul@multiplier          cstackCOMRAM 000001
___lmul@product             cstackCOMRAM 000009
___lwdiv                    text4        00134E
___lwdiv@counter            cstackBANK0  000064
___lwdiv@dividend           cstackBANK0  000060
___lwdiv@divisor            cstackBANK0  000062
___lwdiv@quotient           cstackBANK0  000065
___lwmod                    text36       00151A
___lwmod@counter            cstackCOMRAM 00000C
___lwmod@dividend           cstackCOMRAM 000008
___lwmod@divisor            cstackCOMRAM 00000A
___param_bank               (abs)        000000
___rparam_used              (abs)        000001
___sp                       stack        000000
___stack_hi                 stack        000000
___stack_lo                 stack        000000
__accesstop                 (abs)        000060
__activetblptr              (abs)        000002
__end_of_Bienvenida         text14       000EE2
__end_of_BorraLCD           text21       001818
__end_of_Borrar             text50       0016A0
__end_of_ComandoLCD         text16       001640
__end_of_ConfigPregunta     text45       00124C
__end_of_ConfigVariables    text13       001598
__end_of_ConfiguraLCD       text28       00175C
__end_of_Conversion         text44       001778
__end_of_CrearCaracter      text23       00113A
__end_of_CursorAInicio      text17       0018EC
__end_of_DesplazaPantallaD  text22       00182C
__end_of_DireccionaLCD      text24       0017AC
__end_of_EEPROM_Read        text7        00189A
__end_of_EEPROM_Write       text9        0016F2
__end_of_EnviaDato          text25       00148A
__end_of_EscribeLCD_c       text19       001792
__end_of_EscribeLCD_n8      text10       000C68
__end_of_GuardarContador    text8        0017C2
__end_of_HabilitaLCD        text27       0018A8
__end_of_ISR                intcode_body 000A60
__end_of_InicializaLCD      text20       000F7E
__end_of_LeerContador       text6        001878
__end_of_LeerObjetivo       text5        001866
__end_of_MedirDistancia     text3        001076
__end_of_MensajeLCD_Var     text18       00143E
__end_of_MostrarCursor      text2        0018DC
__end_of_Motor_Avance       text43       00190A
__end_of_Motor_Paro         text41       00188A
__end_of_Motor_Reversa      text40       001840
__end_of_OcultarCursor      text15       0018E4
__end_of_PWM_Set10bit       text42       0012F8
__end_of_PWM_SetPercent     text37       0010DA
__end_of_PreguntaAlUsuario  text1        000D54
__end_of_RetardoLCD         text26       001198
__end_of___lbdiv            text12       0015D2
__end_of___lbmod            text11       0016CA
__end_of___lldiv            text39       001000
__end_of___lmul             text38       0012A2
__end_of___lwdiv            text4        0013A0
__end_of___lwmod            text36       00155C
__end_of__initialization    cinit        0011E4
__end_of_dpowers            mediumconst  007E77
__end_of_main               text0        00056A
__end_of_printf             text33       000B7A
__end_of_putch              text35       0018C2
__end_ofi2_BorraLCD         text55       001854
__end_ofi2_ComandoLCD       text52       001672
__end_ofi2_CursorAInicio    text53       001904
__end_ofi2_DireccionaLCD    text54       0017EE
__end_ofi2_EEPROM_Write     text32       001740
__end_ofi2_EnviaDato        text57       00151A
__end_ofi2_EscribeLCD_c     text56       001804
__end_ofi2_EscribeLCD_n8    text47       000E3A
__end_ofi2_GuardarContador  text31       0017D8
__end_ofi2_HabilitaLCD      text59       0018B6
__end_ofi2_MensajeLCD_Var   text30       0014D4
__end_ofi2_MostrarCursor    text51       0018FC
__end_ofi2_OcultarCursor    text46       0018F4
__end_ofi2_RetardoLCD       text58       00134E
__end_ofi2___lbdiv          text49       00160A
__end_ofi2___lbmod          text48       00171A
__end_ofi2___lwdiv          text34       0013F2
__initialization            cinit        001198
__mediumconst               mediumconst  007E6C
__pbssCOMRAM                bssCOMRAM    000029
__pcinit                    cinit        001198
__pcstackBANK0              cstackBANK0  000060
__pcstackCOMRAM             cstackCOMRAM 000001
__pdataBANK0                dataBANK0    000073
__pdataCOMRAM               dataCOMRAM   000048
__pidataBANK0               idataBANK0   0018CB
__pidataCOMRAM              idataCOMRAM  0018C2
__pintcode                  intcode      000008
__pintcode_body             intcode_body 00056A
__pmediumconst              mediumconst  007E6C
__pnvCOMRAM                 nvCOMRAM     000051
__ptext0                    text0        000012
__ptext1                    text1        000C68
__ptext10                   text10       000B7A
__ptext11                   text11       0016A0
__ptext12                   text12       001598
__ptext13                   text13       00155C
__ptext14                   text14       000E3A
__ptext15                   text15       0018DC
__ptext16                   text16       00160A
__ptext17                   text17       0018E4
__ptext18                   text18       0013F2
__ptext19                   text19       001778
__ptext2                    text2        0018D4
__ptext20                   text20       000EE2
__ptext21                   text21       001804
__ptext22                   text22       001818
__ptext23                   text23       0010DA
__ptext24                   text24       001792
__ptext25                   text25       00143E
__ptext26                   text26       00113A
__ptext27                   text27       00189A
__ptext28                   text28       001740
__ptext3                    text3        001000
__ptext30                   text30       00148A
__ptext31                   text31       0017C2
__ptext32                   text32       00171A
__ptext33                   text33       000A60
__ptext34                   text34       0013A0
__ptext35                   text35       0018B6
__ptext36                   text36       00151A
__ptext37                   text37       001076
__ptext38                   text38       00124C
__ptext39                   text39       000F7E
__ptext4                    text4        00134E
__ptext40                   text40       00182C
__ptext41                   text41       001878
__ptext42                   text42       0012A2
__ptext43                   text43       001904
__ptext44                   text44       00175C
__ptext45                   text45       0011F2
__ptext46                   text46       0018EC
__ptext47                   text47       000D54
__ptext48                   text48       0016F2
__ptext49                   text49       0015D2
__ptext5                    text5        001854
__ptext50                   text50       001672
__ptext51                   text51       0018F4
__ptext52                   text52       001640
__ptext53                   text53       0018FC
__ptext54                   text54       0017D8
__ptext55                   text55       001840
__ptext56                   text56       0017EE
__ptext57                   text57       0014D4
__ptext58                   text58       0012F8
__ptext59                   text59       0018A8
__ptext6                    text6        001866
__ptext7                    text7        00188A
__ptext8                    text8        0017AC
__ptext9                    text9        0016CA
__ramtop                    ramtop       000800
__smallconst                smallconst   000000
_anchoPulso                 bssCOMRAM    00002D
_contador                   bssCOMRAM    000037
_contadorRGB                bssCOMRAM    000035
_control_manual_pwm         bssCOMRAM    00003C
_ctimeout                   bssCOMRAM    00003F
_d                          bssCOMRAM    000041
_datoSerial                 bssCOMRAM    000042
_dpowers                    mediumconst  007E6D
_editor                     bssCOMRAM    000046
_etimeout                   bssCOMRAM    000040
_interfaz                   dataCOMRAM   000048
_main                       text0        000012
_modoReversa                bssCOMRAM    00003D
_objetivoGuardado           bssCOMRAM    000029
_porcentajeADC              bssCOMRAM    00003E
_posicion                   bssCOMRAM    000047
_printf                     text33       000A60
_putch                      text35       0018B6
_pwm_duty_perc              bssCOMRAM    00003B
_salir                      bssCOMRAM    000045
_valorADC                   bssCOMRAM    000031
_valorADC2                  bssCOMRAM    00002F
_valorGuardado              bssCOMRAM    00002B
btemp                       temp         000052
end_of_initialization       cinit        0011E4
i2ComandoLCD@a              cstackCOMRAM 000006
i2DireccionaLCD@a           cstackCOMRAM 000005
i2EEPROM_Write@address      cstackCOMRAM 000002
i2EEPROM_Write@data         cstackCOMRAM 000001
i2EnviaDato@a               cstackCOMRAM 000004
i2EscribeLCD_c@a            cstackCOMRAM 000005
i2EscribeLCD_n8@a           cstackCOMRAM 00000D
i2EscribeLCD_n8@b           cstackCOMRAM 000009
i2EscribeLCD_n8@centena     cstackCOMRAM 00000A
i2EscribeLCD_n8@decena      cstackCOMRAM 00000B
i2EscribeLCD_n8@unidad      cstackCOMRAM 00000C
i2GuardarContador@objetivo  cstackCOMRAM 000005
i2GuardarContador@valor     cstackCOMRAM 000003
i2MensajeLCD_Var@a          cstackCOMRAM 000006
i2MensajeLCD_Var@i          cstackCOMRAM 00000A
i2RetardoLCD@a              cstackCOMRAM 000002
i2_BorraLCD                 text55       001840
i2_ComandoLCD               text52       001640
i2_CursorAInicio            text53       0018FC
i2_DireccionaLCD            text54       0017D8
i2_EEPROM_Write             text32       00171A
i2_EnviaDato                text57       0014D4
i2_EscribeLCD_c             text56       0017EE
i2_EscribeLCD_n8            text47       000D54
i2_GuardarContador          text31       0017C2
i2_HabilitaLCD              text59       0018A8
i2_MensajeLCD_Var           text30       00148A
i2_MostrarCursor            text51       0018F4
i2_OcultarCursor            text46       0018EC
i2_RetardoLCD               text58       0012F8
i2___lbdiv                  text49       0015D2
i2___lbdiv@counter          cstackCOMRAM 000007
i2___lbdiv@dividend         cstackCOMRAM 000006
i2___lbdiv@divisor          cstackCOMRAM 000005
i2___lbdiv@quotient         cstackCOMRAM 000008
i2___lbmod                  text48       0016F2
i2___lbmod@counter          cstackCOMRAM 000003
i2___lbmod@dividend         cstackCOMRAM 000002
i2___lbmod@divisor          cstackCOMRAM 000001
i2___lbmod@rem              cstackCOMRAM 000004
i2___lwdiv                  text34       0013A0
i2___lwdiv@counter          cstackCOMRAM 000007
i2___lwdiv@dividend         cstackCOMRAM 000001
i2___lwdiv@divisor          cstackCOMRAM 000003
i2___lwdiv@quotient         cstackCOMRAM 000005
int$flags                   temp         000052
int_func                    intcode_body 00056A
intlevel0                   text         000000
intlevel1                   text         000000
intlevel2                   text         000000
intlevel3                   text         000000
isa$std                     (abs)        000001
isa$xinst                   (abs)        000000
printf@ap                   cstackCOMRAM 000012
printf@c                    cstackCOMRAM 000017
printf@f                    cstackCOMRAM 00000D
printf@flag                 cstackCOMRAM 000013
printf@prec                 cstackCOMRAM 000014
printf@val                  cstackCOMRAM 000015
putch@data                  cstackCOMRAM 000001
stackhi                     (abs)        000000
stacklo                     (abs)        000000
start                       init         00000E
start_initialization        cinit        001198
ttemp5                      temp         000053
ttemp6                      temp         000056
ttemp7                      temp         00005A
wtemp8                      temp         000053


MODULE INFORMATION

Module		Function		Class		Link	Load	Size
C:\Program Files\Microchip\xc8\v2.50\pic\sources\c90\common\lbdiv.c
		___lbdiv       		CODE           	1598	0000	58

C:\Program Files\Microchip\xc8\v2.50\pic\sources\c90\common\lbdiv.c estimated size: 58

LibLCDXC8.h
		_DireccionaLCD 		CODE           	1792	0000	26
		_InicializaLCD 		CODE           	0EE2	0000	156
		_EnviaDato     		CODE           	143E	0000	76
		_DesplazaPantallaD		CODE           	1818	0000	20
		_CursorAInicio 		CODE           	18E4	0000	8
		_OcultarCursor 		CODE           	18DC	0000	8
		_CrearCaracter 		CODE           	10DA	0000	96
		_MensajeLCD_Var		CODE           	13F2	0000	76
		_EscribeLCD_c  		CODE           	1778	0000	26
		_HabilitaLCD   		CODE           	189A	0000	14
		_EscribeLCD_n8 		CODE           	0B7A	0000	238
		_ConfiguraLCD  		CODE           	1740	0000	28
		_MostrarCursor 		CODE           	18D4	0000	8
		_BorraLCD      		CODE           	1804	0000	20
		_RetardoLCD    		CODE           	113A	0000	94
		_ComandoLCD    		CODE           	160A	0000	54

LibLCDXC8.h estimated size: 948

C:\Program Files\Microchip\xc8\v2.50\pic\sources\c90\common\doprnt.c
		_printf        		CODE           	0A60	0000	282

C:\Program Files\Microchip\xc8\v2.50\pic\sources\c90\common\doprnt.c estimated size: 282

C:\Program Files\Microchip\xc8\v2.50\pic\sources\c90\common\lwmod.c
		___lwmod       		CODE           	151A	0000	66

C:\Program Files\Microchip\xc8\v2.50\pic\sources\c90\common\lwmod.c estimated size: 66

C:\Program Files\Microchip\xc8\v2.50\pic\sources\c90\common\__lldiv.c
		___lldiv       		CODE           	0F7E	0000	130

C:\Program Files\Microchip\xc8\v2.50\pic\sources\c90\common\__lldiv.c estimated size: 130

C:\Program Files\Microchip\xc8\v2.50\pic\sources\c90\common\lwdiv.c
		___lwdiv       		CODE           	134E	0000	82

C:\Program Files\Microchip\xc8\v2.50\pic\sources\c90\common\lwdiv.c estimated size: 82

shared
		i2_MensajeLCD_Var		CODE           	148A	0000	74
		i2___lbdiv     		CODE           	15D2	0000	56
		i2_EEPROM_Write		CODE           	171A	0000	38
		i2___lbmod     		CODE           	16F2	0000	40
		_dpowers       		MEDIUMCONST    	7E6D	0000	10
		i2___lwdiv     		CODE           	13A0	0000	82
		i2_MostrarCursor		CODE           	18F4	0000	8
		i2_EscribeLCD_c		CODE           	17EE	0000	22
		i2_OcultarCursor		CODE           	18EC	0000	8
		i2_EnviaDato   		CODE           	14D4	0000	70
		i2_EscribeLCD_n8		CODE           	0D54	0000	230
		__initialization		CODE           	1198	0000	76
		i2_DireccionaLCD		CODE           	17D8	0000	22
		i2_HabilitaLCD 		CODE           	18A8	0000	14
		i2_BorraLCD    		CODE           	1840	0000	20
		i2_RetardoLCD  		CODE           	12F8	0000	86
		i2_CursorAInicio		CODE           	18FC	0000	8
		i2_GuardarContador		CODE           	17C2	0000	22
		i2_ComandoLCD  		CODE           	1640	0000	50

shared estimated size: 936

C:\Program Files\Microchip\xc8\v2.50\pic\sources\c90\common\lbmod.c
		___lbmod       		CODE           	16A0	0000	42

C:\Program Files\Microchip\xc8\v2.50\pic\sources\c90\common\lbmod.c estimated size: 42

Lab6.c
		_Motor_Paro    		CODE           	1878	0000	18
		_ISR           		CODE           	0008	0000	1276
		_PWM_Set10bit  		CODE           	12A2	0000	86
		_putch         		CODE           	18B6	0000	12
		_EEPROM_Read   		CODE           	188A	0000	16
		_EEPROM_Write  		CODE           	16CA	0000	40
		_main          		CODE           	0012	0000	1368
		_PWM_SetPercent		CODE           	1076	0000	100
		_ConfigPregunta		CODE           	11F2	0000	90
		_LeerObjetivo  		CODE           	1854	0000	18
		_Bienvenida    		CODE           	0E3A	0000	168
		_Motor_Reversa 		CODE           	182C	0000	20
		_LeerContador  		CODE           	1866	0000	18
		_PreguntaAlUsuario		CODE           	0C68	0000	236
		_Borrar        		CODE           	1672	0000	46
		_Conversion    		CODE           	175C	0000	28
		_Motor_Avance  		CODE           	1904	0000	6
		_MedirDistancia		CODE           	1000	0000	118
		_GuardarContador		CODE           	17AC	0000	22
		_ConfigVariables		CODE           	155C	0000	60

Lab6.c estimated size: 3746

C:\Program Files\Microchip\xc8\v2.50\pic\sources\c90\common\Umul32.c
		___lmul        		CODE           	124C	0000	86

C:\Program Files\Microchip\xc8\v2.50\pic\sources\c90\common\Umul32.c estimated size: 86

