Microchip MPLAB XC8 Compiler V2.50

Linker command line:

-W-3 \
  --edf=C:\Program Files\Microchip\xc8\v2.50\pic\dat\20240725155939_en.msgs \
  -cn -h+dist/default/production\Lab6.X.production.sym \
  --cmf=dist/default/production\Lab6.X.production.cmf -z -Q18F4550 \
  -oC:\Users\sergi\AppData\Local\Temp\xcAsd2o.\driver_tmp_3.obj \
  -Mdist/default/production/Lab6.X.production.map \
  --md=C:\Users\sergi\AppData\Local\Temp\xcAsd2o.\driver_tmp_0.dat -E1 \
  -ver=XC8 Compiler -ACODE=00h-07FFFh -ACONST=00h-07FFFh \
  -ASMALLCONST=0800h-08FFhx120 -AMEDIUMCONST=0800h-07FFFh -ACOMRAM=01h-05Fh \
  -AABS1=00h-07FFh -ABIGRAM=01h-07FFh -ARAM=060h-0FFh,0100h-01FFhx7 \
  -ABANK0=060h-0FFh -ABANK1=0100h-01FFh -ABANK2=0200h-02FFh \
  -ABANK3=0300h-03FFh -ABANK4=0400h-04FFh -ABANK5=0500h-05FFh \
  -ABANK6=0600h-06FFh -ABANK7=0700h-07FFh -ASFR=0F60h-0FFFh \
  -ABIGSFR=0F60h-0FFFh -ACONFIG=0300000h-030000Dh -AIDLOC=0200000h-0200007h \
  -AEEDATA=0F00000h-0F000FFh -peeprom_data=EEDATA \
  -preset_vec=00h,intcode=8h,intcodelo,powerup,init -pramtop=0800h \
  -psmallconst=SMALLCONST -pmediumconst=MEDIUMCONST -pconst=CONST \
  -AFARRAM=00h-00h \
  -prdata=COMRAM,nvrram=COMRAM,nvbit=COMRAM,rbss=COMRAM,rbit=COMRAM \
  -pfarbss=FARRAM,fardata=FARRAM,nvFARRAM=FARRAM \
  -pintsave_regs=BIGRAM,bigbss=BIGRAM,bigdata=BIGRAM -pbss=RAM \
  -pidata=CODE,irdata=CODE,ibigdata=CODE,ifardata=CODE -prparam=COMRAM \
  C:\Users\sergi\AppData\Local\Temp\xcAsd2o.\driver_tmp_15.obj \
  dist/default/production\Lab6.X.production.obj 

Object code version is 3.11

Machine type is 18F4550



                Name                               Link     Load   Length Selector   Space Scale
C:\Users\sergi\AppData\Local\Temp\xcAsd2o.\driver_tmp_15.obj
                idloc                            200000   200000        8        0       5
                config                           300000   300000        E        0       4
                init                                  E        E        4        4       0
                reset_vec                             0        0        4        0       0
dist/default/production\Lab6.X.production.obj
                intcode                               8        8        6        4       0
                idloc                            200000   200000        8        0       5
                config                           300000   300000        E        0       4
                temp                                 40       40        1        1       1
                mediumconst                        7EC0     7EC0      140     3F60       0
                text54                             1870     1870        E        4       0
                text53                             12DC     12DC       56        4       0
                text52                             1500     1500       46        4       0
                text51                             17C8     17C8       16        4       0
                text50                             1806     1806       14        4       0
                text49                             17B2     17B2       16        4       0
                text48                             18BA     18BA        8        4       0
                text47                             1632     1632       32        4       0
                text46                             18B2     18B2        8        4       0
                text45                             1664     1664       2E        4       0
                text44                             15C4     15C4       38        4       0
                text43                             16E6     16E6       28        4       0
                text42                              E48      E48       E6        4       0
                text41                             18AA     18AA        8        4       0
                text40                             11D6     11D6       5A        4       0
                text39                             1862     1862        E        4       0
                text38                             1730     1730       22        4       0
                text37                             1470     1470       4A        4       0
                text36                             10F4     10F4       82        4       0
                text35                             1386     1386       52        4       0
                intcode_body                        742      742      408        4       0
                text33                             176E     176E       18        4       0
                text32                             1854     1854        E        4       0
                text31                             1286     1286       56        4       0
                text30                             14BA     14BA       46        4       0
                text29                             179C     179C       16        4       0
                text28                             1176     1176       60        4       0
                text27                             17F2     17F2       14        4       0
                text26                             17DE     17DE       14        4       0
                text25                              FD6      FD6       9C        4       0
                text24                             1786     1786       16        4       0
                text23                             1424     1424       4C        4       0
                text22                             18A2     18A2        8        4       0
                text21                             15FC     15FC       36        4       0
                text20                             189A     189A        8        4       0
                text19                              F2E      F2E       A8        4       0
                text18                             1692     1692       2C        4       0
                text17                             1846     1846        E        4       0
                text16                             1838     1838        E        4       0
                text15                             1752     1752       1C        4       0
                text14                             1588     1588       3C        4       0
                text13                             16BE     16BE       28        4       0
                text12                              C68      C68       F4        4       0
                text11                             170E     170E       22        4       0
                text10                             182A     182A        E        4       0
                text9                              1892     1892        8        4       0
                text8                               D5C      D5C       EC        4       0
                text7                              188A     188A        8        4       0
                text6                              1072     1072       82        4       0
                text5                              1230     1230       56        4       0
                text4                              1332     1332       54        4       0
                text3                              1546     1546       42        4       0
                text2                              187E     187E        C        4       0
                text1                               B4A      B4A      11E        4       0
                text0                                12       12      730        4       0
                cstackCOMRAM                          1        1       24        1       1
                cstackBANK0                          60       60       1B       60       1
                dataBANK0                            7B       7B       10       60       1
                dataCOMRAM                           3F       3F        1        1       1
                bssCOMRAM                            25       25       19        1       1
                cinit                              13D8     13D8       4C        4       0
                nvCOMRAM                             3E       3E        1        1       1
                idataBANK0                         181A     181A       10        4       0
                idataCOMRAM                        18C2     18C2        1        4       0

TOTAL           Name                               Link     Load   Length     Space
        CLASS   CODE           
                intcode                               8        8        6         0
                init                                  E        E        4         0
                reset_vec                             0        0        4         0
                text54                             1870     1870        E         0
                text53                             12DC     12DC       56         0
                text52                             1500     1500       46         0
                text51                             17C8     17C8       16         0
                text50                             1806     1806       14         0
                text49                             17B2     17B2       16         0
                text48                             18BA     18BA        8         0
                text47                             1632     1632       32         0
                text46                             18B2     18B2        8         0
                text45                             1664     1664       2E         0
                text44                             15C4     15C4       38         0
                text43                             16E6     16E6       28         0
                text42                              E48      E48       E6         0
                text41                             18AA     18AA        8         0
                text40                             11D6     11D6       5A         0
                text39                             1862     1862        E         0
                text38                             1730     1730       22         0
                text37                             1470     1470       4A         0
                text36                             10F4     10F4       82         0
                text35                             1386     1386       52         0
                intcode_body                        742      742      408         0
                text33                             176E     176E       18         0
                text32                             1854     1854        E         0
                text31                             1286     1286       56         0
                text30                             14BA     14BA       46         0
                text29                             179C     179C       16         0
                text28                             1176     1176       60         0
                text27                             17F2     17F2       14         0
                text26                             17DE     17DE       14         0
                text25                              FD6      FD6       9C         0
                text24                             1786     1786       16         0
                text23                             1424     1424       4C         0
                text22                             18A2     18A2        8         0
                text21                             15FC     15FC       36         0
                text20                             189A     189A        8         0
                text19                              F2E      F2E       A8         0
                text18                             1692     1692       2C         0
                text17                             1846     1846        E         0
                text16                             1838     1838        E         0
                text15                             1752     1752       1C         0
                text14                             1588     1588       3C         0
                text13                             16BE     16BE       28         0
                text12                              C68      C68       F4         0
                text11                             170E     170E       22         0
                text10                             182A     182A        E         0
                text9                              1892     1892        8         0
                text8                               D5C      D5C       EC         0
                text7                              188A     188A        8         0
                text6                              1072     1072       82         0
                text5                              1230     1230       56         0
                text4                              1332     1332       54         0
                text3                              1546     1546       42         0
                text2                              187E     187E        C         0
                text1                               B4A      B4A      11E         0
                text0                                12       12      730         0
                cinit                              13D8     13D8       4C         0
                idataBANK0                         181A     181A       10         0
                idataCOMRAM                        18C2     18C2        1         0

        CLASS   CONST          

        CLASS   SMALLCONST     

        CLASS   MEDIUMCONST    
                mediumconst                        7EC0     7EC0      140         0

        CLASS   COMRAM         
                temp                                 40       40        1         1
                cstackCOMRAM                          1        1       24         1
                dataCOMRAM                           3F       3F        1         1
                bssCOMRAM                            25       25       19         1
                nvCOMRAM                             3E       3E        1         1

        CLASS   ABS1           

        CLASS   BIGRAM         

        CLASS   RAM            

        CLASS   BANK0          
                cstackBANK0                          60       60       1B         1
                dataBANK0                            7B       7B       10         1

        CLASS   BANK1          

        CLASS   BANK2          

        CLASS   BANK3          

        CLASS   BANK4          

        CLASS   BANK5          

        CLASS   BANK6          

        CLASS   BANK7          

        CLASS   SFR            

        CLASS   BIGSFR         

        CLASS   CONFIG         
                config                           300000   300000        E         4

        CLASS   IDLOC          
                idloc                            200000   200000        8         5

        CLASS   EEDATA         

        CLASS   FARRAM         

        CLASS   HEAP           

        CLASS   STACK          



SEGMENTS        Name                           Load    Length   Top    Selector   Space  Class

                reset_vec                      000000  000004  000004         0       0  CODE    
                cstackCOMRAM                   000001  000040  000041         1       1  COMRAM  
                intcode                        000008  0018BB  0018C3         4       0  CODE    
                cstackBANK0                    000060  00002B  00008B        60       1  BANK0   
                mediumconst                    007EC0  000140  008000      3F60       0  MEDIUMCO


UNUSED ADDRESS RANGES

        Name                Unused          Largest block    Delta
        BANK0            00008B-0000FF               75
        BANK1            000100-0001FF              100
        BANK2            000200-0002FF              100
        BANK3            000300-0003FF              100
        BANK4            000400-0004FF              100
        BANK5            000500-0005FF              100
        BANK6            000600-0006FF              100
        BANK7            000700-0007FF              100
        BIGRAM           000041-00005F               1F
                         00008B-0007FF              775
        BIGSFR           000F60-000FFF               A0
        CODE             000004-000007                4
                         0018C3-007EBF             65FD
        COMRAM           000041-00005F               1F
        CONST            000004-000007                4
                         0018C3-007EBF             65FD
        EEDATA           F00000-F000FF              100
        MEDIUMCONST      0018C3-007EBF             65FD
        RAM              00008B-0007FF              100
        SFR              000F60-000FFF               A0
        SMALLCONST       0018C3-007EBF              100

                                  Symbol Table

?_Conversion                cstackCOMRAM 000020
?___lldiv                   cstackBANK0  000068
?___lmul                    cstackBANK0  000060
?___lwdiv                   cstackCOMRAM 000020
?___lwmod                   cstackBANK0  000063
?_printf                    cstackBANK0  000067
?i2___lldiv                 cstackCOMRAM 000001
?i2___lwdiv                 cstackCOMRAM 000001
Bienvenida@i                cstackBANK0  000068
ComandoLCD@a                cstackBANK0  000060
ConfiguraLCD@a              cstackCOMRAM 000020
Conversion@canal            cstackCOMRAM 000022
CrearCaracter@arreglo       cstackBANK0  000060
CrearCaracter@i             cstackBANK0  000062
CrearCaracter@posicionCGRAM cstackBANK0  000061
DireccionaLCD@a             cstackCOMRAM 000024
EnviaDato@a                 cstackCOMRAM 000023
EscribeLCD_c@a              cstackCOMRAM 000024
EscribeLCD_n8@a             cstackBANK0  000067
EscribeLCD_n8@b             cstackBANK0  000063
EscribeLCD_n8@centena       cstackBANK0  000064
EscribeLCD_n8@decena        cstackBANK0  000065
EscribeLCD_n8@unidad        cstackBANK0  000066
GuardarEEPROM@dato          cstackCOMRAM 000022
GuardarEEPROM@direccion     cstackCOMRAM 000020
ISR@calculo_temp            cstackCOMRAM 00001A
ISR@captura_raw             cstackCOMRAM 00001E
LeerEEPROM@direccion        cstackCOMRAM 000020
MensajeLCD_Var@a            cstackBANK0  000060
MensajeLCD_Var@i            cstackBANK0  000064
RetardoLCD@a                cstackCOMRAM 000021
_ADCON0                     (abs)        000FC2
_ADCON1                     (abs)        000FC1
_ADCON2                     (abs)        000FC0
_ADON                       (abs)        007E10
_ADRES                      (abs)        000FC3
_BAUDCON                    (abs)        000FB8
_Bienvenida                 text19       000F2E
_BorraLCD                   text26       0017DE
_Borrar                     text45       001664
_CCP1CON                    (abs)        000FBD
_CCP2CON                    (abs)        000FBA
_CCP2IE                     (abs)        007D00
_CCP2IF                     (abs)        007D08
_CCP2M0                     (abs)        007DD0
_CCPR1L                     (abs)        000FBE
_CCPR2H                     (abs)        000FBC
_CCPR2L                     (abs)        000FBB
_ComandoLCD                 text21       0015FC
_ConfigPregunta             text40       0011D6
_ConfigVariables            text18       001692
_ConfiguraLCD               text33       00176E
_ConfigurarCaptura          text17       001846
_ConfigurarPWM              text16       001838
_Conversion                 text15       001752
_Corazon                    dataBANK0    000083
_CrearCaracter              text28       001176
_CursorAInicio              text22       0018A2
_DC1B0                      (abs)        007DEC
_DC1B1                      (abs)        007DED
_DesplazaPantallaD          text27       0017F2
_DireccionaLCD              text29       00179C
_EEADR                      (abs)        000FA9
_EECON1                     (abs)        000FA6
_EECON1bits                 (abs)        000FA6
_EECON2                     (abs)        000FA7
_EEDATA                     (abs)        000FA8
_EnviaDato                  text30       0014BA
_EscribeLCD_c               text24       001786
_EscribeLCD_n8              text12       000C68
_GIE                        (abs)        007F97
_GO_DONE                    (abs)        007E11
_GuardarEEPROM              text11       00170E
_HabilitaLCD                text32       001854
_ISR                        intcode      000008
_Inactividad                bssCOMRAM    000039
_InicializaLCD              text25       000FD6
_LATA1                      (abs)        007C49
_LATA2                      (abs)        007C4A
_LATA3                      (abs)        007C4B
_LATA4                      (abs)        007C4C
_LATA5                      (abs)        007C4D
_LATB                       (abs)        000F8A
_LATC0                      (abs)        007C58
_LATC2                      (abs)        007C5A
_LATD                       (abs)        000F8C
_LATE                       (abs)        000F8D
_LeerEEPROM                 text10       00182A
_MensajeLCD_Var             text23       001424
_MostrarCursor              text9        001892
_OSCCON                     (abs)        000FD3
_Objetivo                   bssCOMRAM    00002B
_OcultarCursor              text20       00189A
_PEIE                       (abs)        007F96
_POR                        (abs)        007E81
_PORTB                      (abs)        000F81
_PR2                        (abs)        000FCB
_PreguntaAlUsuario          text8        000D5C
_Pulsado                    nvCOMRAM     00003E
_RB4                        (abs)        007C0C
_RB5                        (abs)        007C0D
_RB6                        (abs)        007C0E
_RB7                        (abs)        007C0F
_RBIE                       (abs)        007F93
_RBIF                       (abs)        007F90
_RBPU                       (abs)        007F8F
_RCIE                       (abs)        007CED
_RCIF                       (abs)        007CF5
_RCREG                      (abs)        000FAE
_RCSTA                      (abs)        000FAB
_RayaAlPiso                 dataBANK0    00007B
_RetardoLCD                 text31       001286
_SPBRG                      (abs)        000FAF
_Supercontador              bssCOMRAM    000031
_T0CON                      (abs)        000FD5
_T1CON                      (abs)        000FCD
_T2CON                      (abs)        000FCA
_T3CON                      (abs)        000FB1
_TMR0                       (abs)        000FD6
_TMR0IE                     (abs)        007F95
_TMR0IF                     (abs)        007F92
_TMR0ON                     (abs)        007EAF
_TMR1                       (abs)        000FCE
_TMR1IE                     (abs)        007CE8
_TMR1IF                     (abs)        007CF0
_TMR1ON                     (abs)        007E68
_TMR3H                      (abs)        000FB3
_TMR3L                      (abs)        000FB2
_TRISA1                     (abs)        007C91
_TRISA2                     (abs)        007C92
_TRISA3                     (abs)        007C93
_TRISA4                     (abs)        007C94
_TRISA5                     (abs)        007C95
_TRISB                      (abs)        000F93
_TRISC0                     (abs)        007CA0
_TRISC1                     (abs)        007CA1
_TRISC2                     (abs)        007CA2
_TRISC6                     (abs)        007CA6
_TRISC7                     (abs)        007CA7
_TRISD                      (abs)        000F95
_TRISE                      (abs)        000F96
_TRMT                       (abs)        007D61
_TXREG                      (abs)        000FAD
_TXSTA                      (abs)        000FAC
_Tecla                      bssCOMRAM    00003A
_TriggerUltrasonido         text7        00188A
__HRAM                      (abs)        000000
__H__absolute__             __absolute__ 000000
__Habs1                     abs1         000000
__Hbank0                    bank0        000000
__Hbank1                    bank1        000000
__Hbank2                    bank2        000000
__Hbank3                    bank3        000000
__Hbank4                    bank4        000000
__Hbank5                    bank5        000000
__Hbank6                    bank6        000000
__Hbank7                    bank7        000000
__Hbigbss                   bigbss       000000
__Hbigdata                  bigdata      000000
__Hbigram                   bigram       000000
__Hbigsfr                   bigsfr       000000
__Hbss                      bss          000000
__HbssCOMRAM                bssCOMRAM    000000
__Hcinit                    cinit        000000
__Hclrtext                  clrtext      000000
__Hcomram                   comram       000000
__Hconfig                   config       30000E
__Hconst                    const        000000
__HcstackBANK0              cstackBANK0  000000
__HcstackCOMRAM             cstackCOMRAM 000000
__Hdata                     data         000000
__HdataBANK0                dataBANK0    000000
__HdataCOMRAM               dataCOMRAM   000000
__Heeprom_data              eeprom_data  000000
__Hfarbss                   farbss       000000
__Hfardata                  fardata      000000
__Hheap                     heap         000000
__Hibigdata                 ibigdata     000000
__Hidata                    idata        000000
__HidataBANK0               idataBANK0   000000
__HidataCOMRAM              idataCOMRAM  000000
__Hidloc                    idloc        200008
__Hifardata                 ifardata     000000
__Hinit                     init         000012
__Hintcode                  intcode      00000E
__Hintcode_body             intcode_body 000000
__Hintcodelo                intcodelo    00000E
__Hintentry                 intentry     000000
__Hintret                   intret       000000
__Hintsave_regs             intsave_regs 000000
__Hirdata                   irdata       000000
__Hmediumconst              mediumconst  008000
__HnvCOMRAM                 nvCOMRAM     000000
__HnvFARRAM                 nvFARRAM     000000
__Hnvbit                    nvbit        000000
__Hnvrram                   nvrram       000000
__Hparam                    rparam       000000
__Hpowerup                  powerup      00000E
__Hram                      ram          000000
__Hramtop                   ramtop       000800
__Hrbit                     rbit         000000
__Hrbss                     rbss         000000
__Hrdata                    rdata        000000
__Hreset_vec                reset_vec    000004
__Hrparam                   rparam       000000
__Hsfr                      sfr          000000
__Hsivt_hi                  sivt_hi      000000
__Hsivt_lo                  sivt_lo      000000
__Hsmallconst               smallconst   000000
__Hspace_0                  (abs)        008000
__Hspace_1                  (abs)        00008B
__Hspace_2                  (abs)        000000
__Hspace_4                  (abs)        60000E
__Hstack                    stack        000000
__Hstruct                   struct       000000
__Htemp                     temp         000041
__Htext                     text         000000
__Htext0                    text0        000000
__Htext1                    text1        000000
__Htext10                   text10       000000
__Htext11                   text11       000000
__Htext12                   text12       000000
__Htext13                   text13       000000
__Htext14                   text14       000000
__Htext15                   text15       000000
__Htext16                   text16       000000
__Htext17                   text17       000000
__Htext18                   text18       000000
__Htext19                   text19       000000
__Htext2                    text2        000000
__Htext20                   text20       000000
__Htext21                   text21       000000
__Htext22                   text22       000000
__Htext23                   text23       000000
__Htext24                   text24       000000
__Htext25                   text25       000000
__Htext26                   text26       000000
__Htext27                   text27       000000
__Htext28                   text28       000000
__Htext29                   text29       000000
__Htext3                    text3        000000
__Htext30                   text30       000000
__Htext31                   text31       000000
__Htext32                   text32       000000
__Htext33                   text33       000000
__Htext35                   text35       000000
__Htext36                   text36       000000
__Htext37                   text37       000000
__Htext38                   text38       000000
__Htext39                   text39       000000
__Htext4                    text4        000000
__Htext40                   text40       000000
__Htext41                   text41       000000
__Htext42                   text42       000000
__Htext43                   text43       000000
__Htext44                   text44       000000
__Htext45                   text45       000000
__Htext46                   text46       000000
__Htext47                   text47       000000
__Htext48                   text48       000000
__Htext49                   text49       000000
__Htext5                    text5        000000
__Htext50                   text50       000000
__Htext51                   text51       000000
__Htext52                   text52       000000
__Htext53                   text53       000000
__Htext54                   text54       000000
__Htext6                    text6        000000
__Htext7                    text7        000000
__Htext8                    text8        000000
__Htext9                    text9        000000
__LRAM                      (abs)        000001
__L__absolute__             __absolute__ 000000
__Labs1                     abs1         000000
__Lbank0                    bank0        000000
__Lbank1                    bank1        000000
__Lbank2                    bank2        000000
__Lbank3                    bank3        000000
__Lbank4                    bank4        000000
__Lbank5                    bank5        000000
__Lbank6                    bank6        000000
__Lbank7                    bank7        000000
__Lbigbss                   bigbss       000000
__Lbigdata                  bigdata      000000
__Lbigram                   bigram       000000
__Lbigsfr                   bigsfr       000000
__Lbss                      bss          000000
__LbssCOMRAM                bssCOMRAM    000000
__Lcinit                    cinit        000000
__Lclrtext                  clrtext      000000
__Lcomram                   comram       000000
__Lconfig                   config       000000
__Lconst                    const        000000
__LcstackBANK0              cstackBANK0  000000
__LcstackCOMRAM             cstackCOMRAM 000000
__Ldata                     data         000000
__LdataBANK0                dataBANK0    000000
__LdataCOMRAM               dataCOMRAM   000000
__Leeprom_data              eeprom_data  000000
__Lfarbss                   farbss       000000
__Lfardata                  fardata      000000
__Lheap                     heap         000000
__Libigdata                 ibigdata     000000
__Lidata                    idata        000000
__LidataBANK0               idataBANK0   000000
__LidataCOMRAM              idataCOMRAM  000000
__Lidloc                    idloc        000000
__Lifardata                 ifardata     000000
__Linit                     init         00000E
__Lintcode                  intcode      000008
__Lintcode_body             intcode_body 000000
__Lintcodelo                intcodelo    00000E
__Lintentry                 intentry     000000
__Lintret                   intret       000000
__Lintsave_regs             intsave_regs 000000
__Lirdata                   irdata       000000
__Lmediumconst              mediumconst  007EC0
__LnvCOMRAM                 nvCOMRAM     000000
__LnvFARRAM                 nvFARRAM     000000
__Lnvbit                    nvbit        000000
__Lnvrram                   nvrram       000000
__Lparam                    rparam       000000
__Lpowerup                  powerup      00000E
__Lram                      ram          000000
__Lramtop                   ramtop       000800
__Lrbit                     rbit         000000
__Lrbss                     rbss         000000
__Lrdata                    rdata        000000
__Lreset_vec                reset_vec    000000
__Lrparam                   rparam       000000
__Lsfr                      sfr          000000
__Lsivt_hi                  sivt_hi      000000
__Lsivt_lo                  sivt_lo      000000
__Lsmallconst               smallconst   000000
__Lspace_0                  (abs)        000000
__Lspace_1                  (abs)        000000
__Lspace_2                  (abs)        000000
__Lspace_4                  (abs)        000000
__Lstack                    stack        000000
__Lstruct                   struct       000000
__Ltemp                     temp         000040
__Ltext                     text         000000
__Ltext0                    text0        000000
__Ltext1                    text1        000000
__Ltext10                   text10       000000
__Ltext11                   text11       000000
__Ltext12                   text12       000000
__Ltext13                   text13       000000
__Ltext14                   text14       000000
__Ltext15                   text15       000000
__Ltext16                   text16       000000
__Ltext17                   text17       000000
__Ltext18                   text18       000000
__Ltext19                   text19       000000
__Ltext2                    text2        000000
__Ltext20                   text20       000000
__Ltext21                   text21       000000
__Ltext22                   text22       000000
__Ltext23                   text23       000000
__Ltext24                   text24       000000
__Ltext25                   text25       000000
__Ltext26                   text26       000000
__Ltext27                   text27       000000
__Ltext28                   text28       000000
__Ltext29                   text29       000000
__Ltext3                    text3        000000
__Ltext30                   text30       000000
__Ltext31                   text31       000000
__Ltext32                   text32       000000
__Ltext33                   text33       000000
__Ltext35                   text35       000000
__Ltext36                   text36       000000
__Ltext37                   text37       000000
__Ltext38                   text38       000000
__Ltext39                   text39       000000
__Ltext4                    text4        000000
__Ltext40                   text40       000000
__Ltext41                   text41       000000
__Ltext42                   text42       000000
__Ltext43                   text43       000000
__Ltext44                   text44       000000
__Ltext45                   text45       000000
__Ltext46                   text46       000000
__Ltext47                   text47       000000
__Ltext48                   text48       000000
__Ltext49                   text49       000000
__Ltext5                    text5        000000
__Ltext50                   text50       000000
__Ltext51                   text51       000000
__Ltext52                   text52       000000
__Ltext53                   text53       000000
__Ltext54                   text54       000000
__Ltext6                    text6        000000
__Ltext7                    text7        000000
__Ltext8                    text8        000000
__Ltext9                    text9        000000
__S0                        (abs)        008000
__S1                        (abs)        00008B
__S4                        (abs)        000000
__S5                        (abs)        000000
___heap_hi                  (abs)        000000
___heap_lo                  (abs)        000000
___inthi_sp                 stack        000000
___inthi_stack_hi           stack        000000
___inthi_stack_lo           stack        000000
___intlo_sp                 stack        000000
___intlo_stack_hi           stack        000000
___intlo_stack_lo           stack        000000
___lbdiv                    text14       001588
___lbdiv@counter            cstackBANK0  000061
___lbdiv@dividend           cstackBANK0  000060
___lbdiv@divisor            cstackCOMRAM 000024
___lbdiv@quotient           cstackBANK0  000062
___lbmod                    text13       0016BE
___lbmod@counter            cstackCOMRAM 000022
___lbmod@dividend           cstackCOMRAM 000021
___lbmod@divisor            cstackCOMRAM 000020
___lbmod@rem                cstackCOMRAM 000023
___lldiv                    text6        001072
___lldiv@counter            cstackBANK0  000074
___lldiv@dividend           cstackBANK0  000068
___lldiv@divisor            cstackBANK0  00006C
___lldiv@quotient           cstackBANK0  000070
___lmul                     text5        001230
___lmul@multiplicand        cstackBANK0  000064
___lmul@multiplier          cstackBANK0  000060
___lmul@product             cstackCOMRAM 000020
___lwdiv                    text4        001332
___lwdiv@counter            cstackBANK0  000060
___lwdiv@dividend           cstackCOMRAM 000020
___lwdiv@divisor            cstackCOMRAM 000022
___lwdiv@quotient           cstackBANK0  000061
___lwmod                    text3        001546
___lwmod@counter            cstackCOMRAM 000024
___lwmod@dividend           cstackBANK0  000063
___lwmod@divisor            cstackBANK0  000065
___param_bank               (abs)        000000
___rparam_used              (abs)        000001
___sp                       stack        000000
___stack_hi                 stack        000000
___stack_lo                 stack        000000
__accesstop                 (abs)        000060
__activetblptr              (abs)        000002
__end_of_Bienvenida         text19       000FD6
__end_of_BorraLCD           text26       0017F2
__end_of_Borrar             text45       001692
__end_of_ComandoLCD         text21       001632
__end_of_ConfigPregunta     text40       001230
__end_of_ConfigVariables    text18       0016BE
__end_of_ConfiguraLCD       text33       001786
__end_of_ConfigurarCaptura  text17       001854
__end_of_ConfigurarPWM      text16       001846
__end_of_Conversion         text15       00176E
__end_of_CrearCaracter      text28       0011D6
__end_of_CursorAInicio      text22       0018AA
__end_of_DesplazaPantallaD  text27       001806
__end_of_DireccionaLCD      text29       0017B2
__end_of_EnviaDato          text30       001500
__end_of_EscribeLCD_c       text24       00179C
__end_of_EscribeLCD_n8      text12       000D5C
__end_of_GuardarEEPROM      text11       001730
__end_of_HabilitaLCD        text32       001862
__end_of_ISR                intcode_body 000B4A
__end_of_InicializaLCD      text25       001072
__end_of_LeerEEPROM         text10       001838
__end_of_MensajeLCD_Var     text23       001470
__end_of_MostrarCursor      text9        00189A
__end_of_OcultarCursor      text20       0018A2
__end_of_PreguntaAlUsuario  text8        000E48
__end_of_RetardoLCD         text31       0012DC
__end_of_TriggerUltrasonido text7        001892
__end_of___lbdiv            text14       0015C4
__end_of___lbmod            text13       0016E6
__end_of___lldiv            text6        0010F4
__end_of___lmul             text5        001286
__end_of___lwdiv            text4        001386
__end_of___lwmod            text3        001588
__end_of__initialization    cinit        001416
__end_of_dpowers            mediumconst  007ECB
__end_of_main               text0        000742
__end_of_printf             text1        000C68
__end_of_putch              text2        00188A
__end_ofi2_BorraLCD         text50       00181A
__end_ofi2_ComandoLCD       text47       001664
__end_ofi2_ConfigurarPWM    text39       001870
__end_ofi2_CursorAInicio    text48       0018C2
__end_ofi2_DireccionaLCD    text49       0017C8
__end_ofi2_EnviaDato        text52       001546
__end_ofi2_EscribeLCD_c     text51       0017DE
__end_ofi2_EscribeLCD_n8    text42       000F2E
__end_ofi2_GuardarEEPROM    text38       001752
__end_ofi2_HabilitaLCD      text54       00187E
__end_ofi2_MensajeLCD_Var   text37       0014BA
__end_ofi2_MostrarCursor    text46       0018BA
__end_ofi2_OcultarCursor    text41       0018B2
__end_ofi2_RetardoLCD       text53       001332
__end_ofi2___lbdiv          text44       0015FC
__end_ofi2___lbmod          text43       00170E
__end_ofi2___lldiv          text36       001176
__end_ofi2___lwdiv          text35       0013D8
__initialization            cinit        0013D8
__mediumconst               mediumconst  007EC0
__pbssCOMRAM                bssCOMRAM    000025
__pcinit                    cinit        0013D8
__pcstackBANK0              cstackBANK0  000060
__pcstackCOMRAM             cstackCOMRAM 000001
__pdataBANK0                dataBANK0    00007B
__pdataCOMRAM               dataCOMRAM   00003F
__pidataBANK0               idataBANK0   00181A
__pidataCOMRAM              idataCOMRAM  0018C2
__pintcode                  intcode      000008
__pintcode_body             intcode_body 000742
__pmediumconst              mediumconst  007EC0
__pnvCOMRAM                 nvCOMRAM     00003E
__ptext0                    text0        000012
__ptext1                    text1        000B4A
__ptext10                   text10       00182A
__ptext11                   text11       00170E
__ptext12                   text12       000C68
__ptext13                   text13       0016BE
__ptext14                   text14       001588
__ptext15                   text15       001752
__ptext16                   text16       001838
__ptext17                   text17       001846
__ptext18                   text18       001692
__ptext19                   text19       000F2E
__ptext2                    text2        00187E
__ptext20                   text20       00189A
__ptext21                   text21       0015FC
__ptext22                   text22       0018A2
__ptext23                   text23       001424
__ptext24                   text24       001786
__ptext25                   text25       000FD6
__ptext26                   text26       0017DE
__ptext27                   text27       0017F2
__ptext28                   text28       001176
__ptext29                   text29       00179C
__ptext3                    text3        001546
__ptext30                   text30       0014BA
__ptext31                   text31       001286
__ptext32                   text32       001854
__ptext33                   text33       00176E
__ptext35                   text35       001386
__ptext36                   text36       0010F4
__ptext37                   text37       001470
__ptext38                   text38       001730
__ptext39                   text39       001862
__ptext4                    text4        001332
__ptext40                   text40       0011D6
__ptext41                   text41       0018AA
__ptext42                   text42       000E48
__ptext43                   text43       0016E6
__ptext44                   text44       0015C4
__ptext45                   text45       001664
__ptext46                   text46       0018B2
__ptext47                   text47       001632
__ptext48                   text48       0018BA
__ptext49                   text49       0017B2
__ptext5                    text5        001230
__ptext50                   text50       001806
__ptext51                   text51       0017C8
__ptext52                   text52       001500
__ptext53                   text53       0012DC
__ptext54                   text54       001870
__ptext6                    text6        001072
__ptext7                    text7        00188A
__ptext8                    text8        000D5C
__ptext9                    text9        001892
__ramtop                    ramtop       000800
__smallconst                smallconst   000000
_contador                   bssCOMRAM    00002F
_contadorRGB                bssCOMRAM    00002D
_conteo_recuperado          bssCOMRAM    000033
_control_manual_pwm         bssCOMRAM    000034
_datoSerial                 bssCOMRAM    000038
_distancia                  bssCOMRAM    000025
_dpowers                    mediumconst  007EC1
_editor                     bssCOMRAM    00003C
_flag_imprimir              bssCOMRAM    000036
_flag_timer0_event          bssCOMRAM    000037
_interfaz                   dataCOMRAM   00003F
_main                       text0        000012
_posicion                   bssCOMRAM    00003D
_printf                     text1        000B4A
_putch                      text2        00187E
_pwm_duty_perc              bssCOMRAM    000035
_salir                      bssCOMRAM    00003B
_tiempo_eco                 bssCOMRAM    000027
_valorADC                   bssCOMRAM    000029
btemp                       temp         000040
end_of_initialization       cinit        001416
i2ComandoLCD@a              cstackCOMRAM 000006
i2DireccionaLCD@a           cstackCOMRAM 000005
i2EnviaDato@a               cstackCOMRAM 000004
i2EscribeLCD_c@a            cstackCOMRAM 000005
i2EscribeLCD_n8@a           cstackCOMRAM 00000D
i2EscribeLCD_n8@b           cstackCOMRAM 000009
i2EscribeLCD_n8@centena     cstackCOMRAM 00000A
i2EscribeLCD_n8@decena      cstackCOMRAM 00000B
i2EscribeLCD_n8@unidad      cstackCOMRAM 00000C
i2GuardarEEPROM@dato        cstackCOMRAM 000003
i2GuardarEEPROM@direccion   cstackCOMRAM 000001
i2MensajeLCD_Var@a          cstackCOMRAM 000006
i2MensajeLCD_Var@i          cstackCOMRAM 00000A
i2RetardoLCD@a              cstackCOMRAM 000002
i2_BorraLCD                 text50       001806
i2_ComandoLCD               text47       001632
i2_ConfigurarPWM            text39       001862
i2_CursorAInicio            text48       0018BA
i2_DireccionaLCD            text49       0017B2
i2_EnviaDato                text52       001500
i2_EscribeLCD_c             text51       0017C8
i2_EscribeLCD_n8            text42       000E48
i2_GuardarEEPROM            text38       001730
i2_HabilitaLCD              text54       001870
i2_MensajeLCD_Var           text37       001470
i2_MostrarCursor            text46       0018B2
i2_OcultarCursor            text41       0018AA
i2_RetardoLCD               text53       0012DC
i2___lbdiv                  text44       0015C4
i2___lbdiv@counter          cstackCOMRAM 000007
i2___lbdiv@dividend         cstackCOMRAM 000006
i2___lbdiv@divisor          cstackCOMRAM 000005
i2___lbdiv@quotient         cstackCOMRAM 000008
i2___lbmod                  text43       0016E6
i2___lbmod@counter          cstackCOMRAM 000003
i2___lbmod@dividend         cstackCOMRAM 000002
i2___lbmod@divisor          cstackCOMRAM 000001
i2___lbmod@rem              cstackCOMRAM 000004
i2___lldiv                  text36       0010F4
i2___lldiv@counter          cstackCOMRAM 00000D
i2___lldiv@dividend         cstackCOMRAM 000001
i2___lldiv@divisor          cstackCOMRAM 000005
i2___lldiv@quotient         cstackCOMRAM 000009
i2___lwdiv                  text35       001386
i2___lwdiv@counter          cstackCOMRAM 000007
i2___lwdiv@dividend         cstackCOMRAM 000001
i2___lwdiv@divisor          cstackCOMRAM 000003
i2___lwdiv@quotient         cstackCOMRAM 000005
int$flags                   temp         000040
int_func                    intcode_body 000742
intlevel0                   text         000000
intlevel1                   text         000000
intlevel2                   text         000000
intlevel3                   text         000000
isa$std                     (abs)        000001
isa$xinst                   (abs)        000000
main@val_reg                cstackBANK0  000077
main@val_reg_302            cstackBANK0  000079
printf@ap                   cstackBANK0  00006C
printf@c                    cstackBANK0  000071
printf@f                    cstackBANK0  000067
printf@flag                 cstackBANK0  00006D
printf@prec                 cstackBANK0  00006E
printf@val                  cstackBANK0  00006F
putch@data                  cstackCOMRAM 000020
stackhi                     (abs)        000000
stacklo                     (abs)        000000
start                       init         00000E
start_initialization        cinit        0013D8
ttemp5                      temp         000041
ttemp6                      temp         000044
ttemp7                      temp         000048
wtemp8                      temp         000041


MODULE INFORMATION

Module		Function		Class		Link	Load	Size
C:\Program Files\Microchip\xc8\v2.50\pic\sources\c90\common\lbdiv.c
		___lbdiv       		CODE           	1588	0000	60

C:\Program Files\Microchip\xc8\v2.50\pic\sources\c90\common\lbdiv.c estimated size: 60

C:\Program Files\Microchip\xc8\v2.50\pic\sources\c90\common\doprnt.c
		_printf        		CODE           	0B4A	0000	286

C:\Program Files\Microchip\xc8\v2.50\pic\sources\c90\common\doprnt.c estimated size: 286

LibLCDXC8.h
		_DireccionaLCD 		CODE           	179C	0000	22
		_InicializaLCD 		CODE           	0FD6	0000	156
		_EnviaDato     		CODE           	14BA	0000	70
		_DesplazaPantallaD		CODE           	17F2	0000	20
		_CursorAInicio 		CODE           	18A2	0000	8
		_OcultarCursor 		CODE           	189A	0000	8
		_CrearCaracter 		CODE           	1176	0000	96
		_MensajeLCD_Var		CODE           	1424	0000	76
		_EscribeLCD_c  		CODE           	1786	0000	22
		_HabilitaLCD   		CODE           	1854	0000	14
		_EscribeLCD_n8 		CODE           	0C68	0000	244
		_ConfiguraLCD  		CODE           	176E	0000	24
		_MostrarCursor 		CODE           	1892	0000	8
		_BorraLCD      		CODE           	17DE	0000	20
		_RetardoLCD    		CODE           	1286	0000	86
		_ComandoLCD    		CODE           	15FC	0000	54

LibLCDXC8.h estimated size: 928

C:\Program Files\Microchip\xc8\v2.50\pic\sources\c90\common\lwmod.c
		___lwmod       		CODE           	1546	0000	66

C:\Program Files\Microchip\xc8\v2.50\pic\sources\c90\common\lwmod.c estimated size: 66

C:\Program Files\Microchip\xc8\v2.50\pic\sources\c90\common\__lldiv.c
		___lldiv       		CODE           	1072	0000	130

C:\Program Files\Microchip\xc8\v2.50\pic\sources\c90\common\__lldiv.c estimated size: 130

C:\Program Files\Microchip\xc8\v2.50\pic\sources\c90\common\lwdiv.c
		___lwdiv       		CODE           	1332	0000	84

C:\Program Files\Microchip\xc8\v2.50\pic\sources\c90\common\lwdiv.c estimated size: 84

shared
		i2_MensajeLCD_Var		CODE           	1470	0000	74
		i2___lbdiv     		CODE           	15C4	0000	56
		i2___lbmod     		CODE           	16E6	0000	40
		_dpowers       		MEDIUMCONST    	7EC1	0000	10
		i2___lwdiv     		CODE           	1386	0000	82
		i2_MostrarCursor		CODE           	18B2	0000	8
		i2_EscribeLCD_c		CODE           	17C8	0000	22
		i2_OcultarCursor		CODE           	18AA	0000	8
		i2_EnviaDato   		CODE           	1500	0000	70
		i2_EscribeLCD_n8		CODE           	0E48	0000	230
		i2___lldiv     		CODE           	10F4	0000	130
		__initialization		CODE           	13D8	0000	62
		i2_DireccionaLCD		CODE           	17B2	0000	22
		i2_HabilitaLCD 		CODE           	1870	0000	14
		i2_BorraLCD    		CODE           	1806	0000	20
		i2_RetardoLCD  		CODE           	12DC	0000	86
		i2_CursorAInicio		CODE           	18BA	0000	8
		i2_ConfigurarPWM		CODE           	1862	0000	14
		i2_GuardarEEPROM		CODE           	1730	0000	34
		i2_ComandoLCD  		CODE           	1632	0000	50

shared estimated size: 1040

C:\Program Files\Microchip\xc8\v2.50\pic\sources\c90\common\lbmod.c
		___lbmod       		CODE           	16BE	0000	40

C:\Program Files\Microchip\xc8\v2.50\pic\sources\c90\common\lbmod.c estimated size: 40

Lab6.c
		_ISR           		CODE           	0008	0000	1038
		_putch         		CODE           	187E	0000	12
		_TriggerUltrasonido		CODE           	188A	0000	8
		_main          		CODE           	0012	0000	1840
		_GuardarEEPROM 		CODE           	170E	0000	34
		_ConfigPregunta		CODE           	11D6	0000	90
		_Bienvenida    		CODE           	0F2E	0000	168
		_PreguntaAlUsuario		CODE           	0D5C	0000	236
		_Borrar        		CODE           	1664	0000	46
		_ConfigurarPWM 		CODE           	1838	0000	14
		_Conversion    		CODE           	1752	0000	28
		_LeerEEPROM    		CODE           	182A	0000	14
		_ConfigVariables		CODE           	1692	0000	44
		_ConfigurarCaptura		CODE           	1846	0000	14

Lab6.c estimated size: 3586

C:\Program Files\Microchip\xc8\v2.50\pic\sources\c90\common\Umul32.c
		___lmul        		CODE           	1230	0000	86

C:\Program Files\Microchip\xc8\v2.50\pic\sources\c90\common\Umul32.c estimated size: 86

